[demo.auburnforest.com/html/bootcamp/bootcamp/index.html]
[backblue.gif]
[fade.gif]
[index.html]
[demo.auburnforest.com/html/bootcamp/bootcamp/css/bootstrap.css]
[demo.auburnforest.com/html/bootcamp/bootcamp/css/main.css]
[demo.auburnforest.com/html/bootcamp/bootcamp/css/responsive.css]
[demo.auburnforest.com/html/bootcamp/bootcamp/images/favicon.png]
[demo.auburnforest.com/html/bootcamp/bootcamp/login.html]
[demo.auburnforest.com/html/bootcamp/bootcamp/register.html]
[demo.auburnforest.com/html/bootcamp/bootcamp/index-2.html]
[demo.auburnforest.com/html/bootcamp/bootcamp/images/logo.png]
[demo.auburnforest.com/html/bootcamp/bootcamp/index-3.html]
[demo.auburnforest.com/html/bootcamp/bootcamp/index-4.html]
[demo.auburnforest.com/html/bootcamp/bootcamp/price.html]
[demo.auburnforest.com/html/bootcamp/bootcamp/privacy.html]
[demo.auburnforest.com/html/bootcamp/bootcamp/comming-soon.html]
[demo.auburnforest.com/html/bootcamp/bootcamp/course.html]
[demo.auburnforest.com/html/bootcamp/bootcamp/course-list.html]
[demo.auburnforest.com/html/bootcamp/bootcamp/course-path.html]
[demo.auburnforest.com/html/bootcamp/bootcamp/course-lesson.html]
[demo.auburnforest.com/html/bootcamp/bootcamp/course-detail.html]
[demo.auburnforest.com/html/bootcamp/bootcamp/books.html]
[demo.auburnforest.com/html/bootcamp/bootcamp/books-detail.html]
[demo.auburnforest.com/html/bootcamp/bootcamp/intro-profile.html]
[demo.auburnforest.com/html/bootcamp/bootcamp/student-profile.html]
[demo.auburnforest.com/html/bootcamp/bootcamp/edit-profile.html]
[demo.auburnforest.com/html/bootcamp/bootcamp/blog.html]
[demo.auburnforest.com/html/bootcamp/bootcamp/blog-detail.html]
[demo.auburnforest.com/html/bootcamp/bootcamp/error.html]
[demo.auburnforest.com/html/bootcamp/bootcamp/contact.html]
[demo.auburnforest.com/html/bootcamp/bootcamp/images/logo-5.png]
[demo.auburnforest.com/html/bootcamp/bootcamp/images/background/1.png]
[demo.auburnforest.com/html/bootcamp/bootcamp/images/icons/icon-1.png]
[demo.auburnforest.com/html/bootcamp/bootcamp/images/icons/icon-2.png]
[demo.auburnforest.com/html/bootcamp/bootcamp/images/resource/education.png]
[demo.auburnforest.com/html/bootcamp/bootcamp/images/resource/course-1.jpg]
[demo.auburnforest.com/html/bootcamp/bootcamp/images/resource/course-2.jpg]
[demo.auburnforest.com/html/bootcamp/bootcamp/images/resource/course-3.jpg]
[demo.auburnforest.com/html/bootcamp/bootcamp/images/resource/course-4.jpg]
[demo.auburnforest.com/html/bootcamp/bootcamp/images/resource/course-5.jpg]
[demo.auburnforest.com/html/bootcamp/bootcamp/images/background/2.jpg]
[demo.auburnforest.com/html/bootcamp/bootcamp/images/resource/image-1.jpg]
[demo.auburnforest.com/html/bootcamp/bootcamp/images/resource/news-1.jpg]
[demo.auburnforest.com/html/bootcamp/bootcamp/images/resource/author-2.jpg]
[demo.auburnforest.com/html/bootcamp/bootcamp/images/resource/author-3.jpg]
[demo.auburnforest.com/html/bootcamp/bootcamp/images/resource/author-4.jpg]
[demo.auburnforest.com/html/bootcamp/bootcamp/images/resource/author-5.jpg]
[demo.auburnforest.com/html/bootcamp/bootcamp/images/resource/author-6.jpg]
[demo.auburnforest.com/html/bootcamp/bootcamp/images/resource/author-7.jpg]
[demo.auburnforest.com/html/bootcamp/bootcamp/images/resource/author-8.jpg]
[demo.auburnforest.com/html/bootcamp/bootcamp/images/resource/author-9.jpg]
[demo.auburnforest.com/html/bootcamp/bootcamp/images/resource/author-1.jpg]
[demo.auburnforest.com/html/bootcamp/bootcamp/images/background/3.png]
[demo.auburnforest.com/html/bootcamp/bootcamp/images/icons/icon-3.png]
[demo.auburnforest.com/html/bootcamp/bootcamp/images/footer-logo.png]
[demo.auburnforest.com/html/bootcamp/bootcamp/js/popper.min.js]
[demo.auburnforest.com/html/bootcamp/bootcamp/js/jquery.scrollTo.js]
[demo.auburnforest.com/html/bootcamp/bootcamp/js/bootstrap.min.js]
[demo.auburnforest.com/html/bootcamp/bootcamp/js/jquery.js]
[demo.auburnforest.com/html/bootcamp/bootcamp/js/jquery.mCustomScrollbar.concat.min.js]
[demo.auburnforest.com/html/bootcamp/bootcamp/js/appear.js]
[demo.auburnforest.com/html/bootcamp/bootcamp/js/element-in-view.js]
[demo.auburnforest.com/html/bootcamp/bootcamp/js/jquery.paroller.min.js]
[demo.auburnforest.com/html/bootcamp/bootcamp/js/parallax.min.js]
[demo.auburnforest.com/html/bootcamp/bootcamp/js/swiper.min.js]
[demo.auburnforest.com/html/bootcamp/bootcamp/js/tilt.jquery.min.js]
[demo.auburnforest.com/html/bootcamp/bootcamp/js/jquery.fancybox.js]
[demo.auburnforest.com/html/bootcamp/bootcamp/js/jquery.easing.min.js]
[demo.auburnforest.com/html/bootcamp/bootcamp/js/wow.js]
[demo.auburnforest.com/html/bootcamp/bootcamp/index.html]
[demo.auburnforest.com/html/bootcamp/bootcamp/js/script.js]
[demo.auburnforest.com/html/bootcamp/bootcamp/css/bootstrap.css]
[demo.auburnforest.com/html/bootcamp/bootcamp/css/font-awesome.css]
[demo.auburnforest.com/html/bootcamp/bootcamp/js/owl.js]
[demo.auburnforest.com/html/bootcamp/bootcamp/css/animate.css]
[demo.auburnforest.com/html/bootcamp/bootcamp/css/owl.css]
[demo.auburnforest.com/html/bootcamp/bootcamp/css/swiper.css]
[demo.auburnforest.com/html/bootcamp/bootcamp/css/flaticon.css]
[demo.auburnforest.com/html/bootcamp/bootcamp/css/jquery-ui.css]
[demo.auburnforest.com/html/bootcamp/bootcamp/css/custom-animate.css]
[demo.auburnforest.com/html/bootcamp/bootcamp/css/jquery.fancybox.min.css]
[demo.auburnforest.com/html/bootcamp/bootcamp/css/jquery.bootstrap-touchspin.css]
[demo.auburnforest.com/html/bootcamp/bootcamp/css/jquery.mCustomScrollbar.min.css]
[demo.auburnforest.com/html/bootcamp/bootcamp/images/icons/preloader.svg]
[demo.auburnforest.com/html/bootcamp/bootcamp/images/icons/waves-shape.png]
[demo.auburnforest.com/html/bootcamp/bootcamp/images/icons/dotted-layer.png]
[demo.auburnforest.com/html/bootcamp/bootcamp/css/main.css]
[demo.auburnforest.com/html/bootcamp/bootcamp/css/responsive.css]
[demo.auburnforest.com/html/bootcamp/bootcamp/login.html]
[demo.auburnforest.com/html/bootcamp/bootcamp/register.html]
[demo.auburnforest.com/html/bootcamp/bootcamp/index-2.html]
[demo.auburnforest.com/html/bootcamp/bootcamp/images/logo-2.png]
[demo.auburnforest.com/html/bootcamp/bootcamp/images/main-slider/1.png]
[demo.auburnforest.com/html/bootcamp/bootcamp/images/main-slider/content-image.png]
[demo.auburnforest.com/html/bootcamp/bootcamp/images/resource/education-1.png]
[demo.auburnforest.com/html/bootcamp/bootcamp/js/jquery-ui.js]
[demo.auburnforest.com/html/bootcamp/bootcamp/images/resource/program.png]
[demo.auburnforest.com/html/bootcamp/bootcamp/images/background/pattern-1.png]
[demo.auburnforest.com/html/bootcamp/bootcamp/images/resource/video-image.jpg]
[demo.auburnforest.com/html/bootcamp/bootcamp/images/resource/price-icon-1.png]
[demo.auburnforest.com/html/bootcamp/bootcamp/images/resource/price-icon-2.png]
[demo.auburnforest.com/html/bootcamp/bootcamp/images/resource/price-icon-3.png]
[demo.auburnforest.com/html/bootcamp/bootcamp/images/background/pattern-2.png]
[demo.auburnforest.com/html/bootcamp/bootcamp/images/footer-logo-2.png]
[demo.auburnforest.com/html/bootcamp/bootcamp/index-3.html]
[demo.auburnforest.com/html/bootcamp/bootcamp/images/logo-4.png]
[demo.auburnforest.com/html/bootcamp/bootcamp/images/main-slider/pattern-layer-1.png]
[demo.auburnforest.com/html/bootcamp/bootcamp/images/main-slider/pattern-layer-2.png]
[demo.auburnforest.com/html/bootcamp/bootcamp/images/main-slider/content-image-2.png]
[demo.auburnforest.com/html/bootcamp/bootcamp/images/icons/icon-4.png]
[demo.auburnforest.com/html/bootcamp/bootcamp/images/resource/education-2.jpg]
[demo.auburnforest.com/html/bootcamp/bootcamp/images/icons/icon-5.png]
[demo.auburnforest.com/html/bootcamp/bootcamp/images/icons/dotted-layer-1.png]
[demo.auburnforest.com/html/bootcamp/bootcamp/images/resource/institute-1.jpg]
[demo.auburnforest.com/html/bootcamp/bootcamp/images/resource/institute-3.jpg]
[demo.auburnforest.com/html/bootcamp/bootcamp/images/resource/education-3.jpg]
[demo.auburnforest.com/html/bootcamp/bootcamp/images/icons/dotted-layer-2.png]
[demo.auburnforest.com/html/bootcamp/bootcamp/images/icons/icon-6.png]
[demo.auburnforest.com/html/bootcamp/bootcamp/images/icons/dotted-layer-3.png]
[demo.auburnforest.com/html/bootcamp/bootcamp/images/resource/author-10.jpg]
[demo.auburnforest.com/html/bootcamp/bootcamp/images/resource/author-11.jpg]
[demo.auburnforest.com/html/bootcamp/bootcamp/images/icons/icon-7.png]
[demo.auburnforest.com/html/bootcamp/bootcamp/images/icons/icon-8.png]
[demo.auburnforest.com/html/bootcamp/bootcamp/images/icons/icon-9.png]
[demo.auburnforest.com/html/bootcamp/bootcamp/index-4.html]
[demo.auburnforest.com/html/bootcamp/bootcamp/images/resource/price-icon-4.png]
[demo.auburnforest.com/html/bootcamp/bootcamp/images/resource/price-icon-5.png]
[demo.auburnforest.com/html/bootcamp/bootcamp/images/resource/price-icon-6.png]
[demo.auburnforest.com/html/bootcamp/bootcamp/price.html]
[demo.auburnforest.com/html/bootcamp/bootcamp/privacy.html]
[demo.auburnforest.com/html/bootcamp/bootcamp/images/background/pattern-3.png]
[demo.auburnforest.com/html/bootcamp/bootcamp/images/logo-3.png]
[demo.auburnforest.com/html/bootcamp/bootcamp/js/jquery.countdown.js]
[demo.auburnforest.com/html/bootcamp/bootcamp/comming-soon.html]
[demo.auburnforest.com/html/bootcamp/bootcamp/images/resource/course-6.jpg]
[demo.auburnforest.com/html/bootcamp/bootcamp/images/resource/course-7.jpg]
[demo.auburnforest.com/html/bootcamp/bootcamp/images/resource/course-8.jpg]
[demo.auburnforest.com/html/bootcamp/bootcamp/images/resource/course-9.jpg]
[demo.auburnforest.com/html/bootcamp/bootcamp/images/resource/course-10.jpg]
[demo.auburnforest.com/html/bootcamp/bootcamp/images/resource/course-11.jpg]
[demo.auburnforest.com/html/bootcamp/bootcamp/images/resource/course-12.jpg]
[demo.auburnforest.com/html/bootcamp/bootcamp/images/resource/course-13.jpg]
[demo.auburnforest.com/html/bootcamp/bootcamp/images/resource/course-14.jpg]
[demo.auburnforest.com/html/bootcamp/bootcamp/images/resource/course-15.jpg]
[demo.auburnforest.com/html/bootcamp/bootcamp/images/resource/course-16.jpg]
[demo.auburnforest.com/html/bootcamp/bootcamp/images/resource/course-17.jpg]
[demo.auburnforest.com/html/bootcamp/bootcamp/course.html]
[demo.auburnforest.com/html/bootcamp/bootcamp/images/resource/course-18.jpg]
[demo.auburnforest.com/html/bootcamp/bootcamp/images/resource/course-19.jpg]
[demo.auburnforest.com/html/bootcamp/bootcamp/images/resource/course-20.jpg]
[demo.auburnforest.com/html/bootcamp/bootcamp/images/resource/course-21.jpg]
[demo.auburnforest.com/html/bootcamp/bootcamp/images/resource/course-22.jpg]
[demo.auburnforest.com/html/bootcamp/bootcamp/images/resource/course-23.jpg]
[demo.auburnforest.com/html/bootcamp/bootcamp/images/resource/course-24.jpg]
[demo.auburnforest.com/html/bootcamp/bootcamp/course-list.html]
[demo.auburnforest.com/html/bootcamp/bootcamp/course-path.html]
[demo.auburnforest.com/html/bootcamp/bootcamp/images/resource/student-1.jpg]
[player.vimeo.com/api/player.js]
[demo.auburnforest.com/html/bootcamp/bootcamp/images/resource/student-2.jpg]
[demo.auburnforest.com/html/bootcamp/bootcamp/course-lesson.html]
[demo.auburnforest.com/html/bootcamp/bootcamp/images/resource/video-image-1.jpg]
[demo.auburnforest.com/html/bootcamp/bootcamp/course-detail.html]
[demo.auburnforest.com/html/bootcamp/bootcamp/images/resource/book-1.jpg]
[demo.auburnforest.com/html/bootcamp/bootcamp/images/resource/book-2.jpg]
[demo.auburnforest.com/html/bootcamp/bootcamp/images/resource/book-3.jpg]
[demo.auburnforest.com/html/bootcamp/bootcamp/images/resource/book-4.jpg]
[demo.auburnforest.com/html/bootcamp/bootcamp/images/resource/book-5.jpg]
[demo.auburnforest.com/html/bootcamp/bootcamp/images/resource/book-6.jpg]
[demo.auburnforest.com/html/bootcamp/bootcamp/images/resource/book-7.jpg]
[demo.auburnforest.com/html/bootcamp/bootcamp/images/resource/book-8.jpg]
[demo.auburnforest.com/html/bootcamp/bootcamp/images/resource/book-9.jpg]
[demo.auburnforest.com/html/bootcamp/bootcamp/images/resource/book-10.jpg]
[demo.auburnforest.com/html/bootcamp/bootcamp/images/resource/book-11.jpg]
[demo.auburnforest.com/html/bootcamp/bootcamp/images/resource/book-12.jpg]
[demo.auburnforest.com/html/bootcamp/bootcamp/images/resource/book-13.jpg]
[demo.auburnforest.com/html/bootcamp/bootcamp/images/resource/book-14.jpg]
[demo.auburnforest.com/html/bootcamp/bootcamp/images/resource/book-15.jpg]
[demo.auburnforest.com/html/bootcamp/bootcamp/images/resource/book-16.jpg]
[demo.auburnforest.com/html/bootcamp/bootcamp/images/resource/book-17.jpg]
[demo.auburnforest.com/html/bootcamp/bootcamp/books.html]
[demo.auburnforest.com/html/bootcamp/bootcamp/images/resource/book-18.jpg]
[demo.auburnforest.com/html/bootcamp/bootcamp/books-detail.html]
[demo.auburnforest.com/html/bootcamp/bootcamp/images/resource/course-25.jpg]
[demo.auburnforest.com/html/bootcamp/bootcamp/images/resource/course-26.jpg]
[demo.auburnforest.com/html/bootcamp/bootcamp/images/resource/course-27.jpg]
[demo.auburnforest.com/html/bootcamp/bootcamp/intro-profile.html]
[demo.auburnforest.com/html/bootcamp/bootcamp/student-profile.html]
[demo.auburnforest.com/html/bootcamp/bootcamp/edit-profile.html]
[demo.auburnforest.com/html/bootcamp/bootcamp/images/resource/course-28.jpg]
[demo.auburnforest.com/html/bootcamp/bootcamp/images/resource/post-thumb-1.jpg]
[demo.auburnforest.com/html/bootcamp/bootcamp/images/resource/post-thumb-2.jpg]
[demo.auburnforest.com/html/bootcamp/bootcamp/images/resource/post-thumb-3.jpg]
[demo.auburnforest.com/html/bootcamp/bootcamp/blog.html]
[demo.auburnforest.com/html/bootcamp/bootcamp/images/resource/news-2.jpg]
[demo.auburnforest.com/html/bootcamp/bootcamp/images/resource/author-12.jpg]
[demo.auburnforest.com/html/bootcamp/bootcamp/images/resource/author-13.jpg]
[demo.auburnforest.com/html/bootcamp/bootcamp/images/resource/author-14.jpg]
[demo.auburnforest.com/html/bootcamp/bootcamp/blog-detail.html]
[demo.auburnforest.com/html/bootcamp/bootcamp/images/resource/error.png]
[demo.auburnforest.com/html/bootcamp/bootcamp/error.html]
[demo.auburnforest.com/html/bootcamp/bootcamp/contact.html]
[demo.auburnforest.com/html/bootcamp/bootcamp/images/resource/banner.png]
[demo.auburnforest.com/html/bootcamp/bootcamp/js/validate.js]
[demo.auburnforest.com/html/bootcamp/bootcamp/fonts/fontawesome-webfont914c.eot]
[demo.auburnforest.com/html/bootcamp/bootcamp/fonts/fontawesome-webfontd41d.eot]
[demo.auburnforest.com/html/bootcamp/bootcamp/fonts/fontawesome-webfont914c.woff]
[demo.auburnforest.com/html/bootcamp/bootcamp/fonts/fontawesome-webfont914c.svg]
[demo.auburnforest.com/html/bootcamp/bootcamp/css/font-awesome.css]
[demo.auburnforest.com/html/bootcamp/bootcamp/css/animate.css]
[demo.auburnforest.com/html/bootcamp/bootcamp/css/owl.css]
[demo.auburnforest.com/html/bootcamp/bootcamp/css/swiper.css]
[demo.auburnforest.com/html/bootcamp/bootcamp/fonts/flaticon.eot]
[demo.auburnforest.com/html/bootcamp/bootcamp/fonts/flaticon.woff]
[demo.auburnforest.com/html/bootcamp/bootcamp/fonts/flaticond41d.eot]
[demo.auburnforest.com/html/bootcamp/bootcamp/fonts/flaticon.ttf]
[demo.auburnforest.com/html/bootcamp/bootcamp/fonts/flaticon.svg]
[demo.auburnforest.com/html/bootcamp/bootcamp/css/flaticon.css]
[demo.auburnforest.com/html/bootcamp/bootcamp/css/images/ui-icons_444444_256x240.png]
[demo.auburnforest.com/html/bootcamp/bootcamp/css/jquery-ui.css]
[demo.auburnforest.com/html/bootcamp/bootcamp/css/custom-animate.css]
[demo.auburnforest.com/html/bootcamp/bootcamp/css/jquery.fancybox.min.css]
[demo.auburnforest.com/html/bootcamp/bootcamp/css/jquery.bootstrap-touchspin.css]
[demo.auburnforest.com/html/bootcamp/bootcamp/css/jquery.mCustomScrollbar.min.css]
[demo.auburnforest.com/html/bootcamp/bootcamp/images/icons/preloader.svg]
[demo.auburnforest.com/html/bootcamp/bootcamp/images/resource/education-2.html]
[demo.auburnforest.com/html/bootcamp/bootcamp/images/resource/education-3.html]
[demo.auburnforest.com/html/bootcamp/bootcamp/fonts/fontawesome-webfont914c.woff2]
[demo.auburnforest.com/html/bootcamp/bootcamp/images/resource/institute-2.jpg]
[demo.auburnforest.com/html/bootcamp/bootcamp/fonts/fontawesome-webfont914c.ttf]
[demo.auburnforest.com/html/bootcamp/bootcamp/fonts/fontawesome-webfont914c.svg]
[demo.auburnforest.com/html/bootcamp/bootcamp/css/owl.video.play.html]
[demo.auburnforest.com/html/bootcamp/bootcamp/fonts/flaticon.svg]
[demo.auburnforest.com/html/bootcamp/bootcamp/css/images/ui-icons_777620_256x240.html]
[demo.auburnforest.com/html/bootcamp/bootcamp/css/images/ui-icons_cc0000_256x240.html]
[demo.auburnforest.com/html/bootcamp/bootcamp/css/images/ui-icons_777777_256x240.html]
[demo.auburnforest.com/html/bootcamp/bootcamp/css/mCSB_buttons.html]
